// Jest Snapshot v1, https://goo.gl/fbAQLP

exports[`CoronaMessage Renders correctly 1`] = `
<aside
  className="wrapper"
>
  <div
    className="container"
  >
    <p>
      Read about
       
      <a
        href="https://www.nice.org.uk/covid-19"
      >
        our approach to COVID-19
      </a>
    </p>
  </div>
</aside>
`;
